[2026-05-19T17:58:29.423Z] GET http://127.0.0.1:34567/welcome → 200 (5ms, 9188B)
[2026-05-19T17:58:29.437Z] GET https://fonts.googleapis.com/css2?family=DM+Sans:wght@400;500;600&family=JetBrains+Mono:wght@400;500&display=swap → 200 (404ms, 7685B)
[2026-05-19T17:58:29.437Z] GET https://api.fontshare.com/v2/css?f[]=satoshi@700,900&display=swap → pending (?ms, ?B)
[2026-05-19T17:58:30.059Z] GET https://fonts.gstatic.com/s/dmsans/v17/rP2Yp2ywxg089UriI5-g4vlH9VoD8Cmcqbu0-K6z9mXg.woff2 → 200 (97ms, 36980B)
[2026-05-19T17:58:30.060Z] GET https://cdn.fontshare.com/wf/NHPGVFYUXYXE33DZ75OIT4JFGHITX5PE/PSUTMASCDJTVPERDYJZPN23BVUFUCQIF/J64QX5IPOHK56I2KYUNBQ5M2XWZEYKYX.woff2 → 200 (104ms, 23484B)
[2026-05-19T17:58:30.060Z] GET https://cdn.fontshare.com/wf/LAFFD4SDUCDVQEXFPDC7C53EQ4ZELWQI/PXCT3G6LO6ICM5I3NTYENYPWJAECAWDD/GHM6WVH6MILNYOOCXHXB5GTSGNTMGXZR.woff2 → 200 (122ms, 25328B)
[2026-05-19T17:58:30.060Z] GET https://fonts.gstatic.com/s/jetbrainsmono/v24/tDbv2o-flEEny0FZhsfKu5WU4zr3E_BX0PnT8RD8yKwBNntkaToggR7BYRbKPxDcwgknk-4.woff2 → 200 (91ms, 31340B)
[2026-05-19T18:01:11.417Z] GET http://localhost:5173/ → 200 (7ms, 630B)
[2026-05-19T18:01:11.441Z] GET http://localhost:5173/@vite/client → 200 (34ms, 179185B)
[2026-05-19T18:01:11.441Z] GET http://localhost:5173/src/main.tsx → 200 (29ms, 3212B)
[2026-05-19T18:01:11.463Z] GET http://localhost:5173/@react-refresh → 200 (35ms, 111894B)
[2026-05-19T18:01:11.472Z] GET http://localhost:5173/node_modules/.vite/deps/react_jsx-dev-runtime.js?v=0f085019 → 200 (25ms, 12399B)
[2026-05-19T18:01:11.472Z] GET http://localhost:5173/node_modules/.vite/deps/react.js?v=0f085019 → 200 (23ms, 1024B)
[2026-05-19T18:01:11.472Z] GET http://localhost:5173/node_modules/.vite/deps/react-dom_client.js?v=0f085019 → 200 (152ms, 1005327B)
[2026-05-19T18:01:11.473Z] GET http://localhost:5173/@fs/C:/xampp/htdocs/server-php-auth/admin_console_shadcn/packages/ui/src/styles/globals.css → 200 (41ms, 124663B)
[2026-05-19T18:01:11.473Z] GET http://localhost:5173/src/App.tsx → 200 (57ms, 254117B)
[2026-05-19T18:01:11.473Z] GET http://localhost:5173/src/components/theme-provider.tsx → 200 (46ms, 20385B)
[2026-05-19T18:01:11.473Z] GET http://localhost:5173/src/contexts/auth-context.tsx → 200 (39ms, 17782B)
[2026-05-19T18:01:11.478Z] GET http://localhost:5173/@fs/C:/xampp/htdocs/server-php-auth/admin_console_shadcn/node_modules/vite/dist/client/env.mjs → 200 (35ms, 3478B)
[2026-05-19T18:01:11.497Z] GET http://localhost:5173/node_modules/.vite/deps/chunk-6VLPLEGV.js?v=0f085019 → 200 (110ms, 45588B)
[2026-05-19T18:01:11.497Z] GET http://localhost:5173/node_modules/.vite/deps/chunk-PR4QN5HX.js?v=0f085019 → 200 (109ms, 10123B)
[2026-05-19T18:01:11.518Z] GET http://localhost:5173/node_modules/.vite/deps/firebase_auth.js?v=0f085019 → 200 (104ms, 274279B)
[2026-05-19T18:01:11.519Z] GET http://localhost:5173/src/lib/firebase.ts → 200 (88ms, 2077B)
[2026-05-19T18:01:11.519Z] GET http://localhost:5173/src/lib/api.ts → 200 (88ms, 31311B)
[2026-05-19T18:01:11.561Z] GET http://localhost:5173/node_modules/.vite/deps/lucide-react.js?v=0f085019 → 200 (156ms, 992605B)
[2026-05-19T18:01:11.561Z] GET http://localhost:5173/@fs/C:/xampp/htdocs/server-php-auth/admin_console_shadcn/packages/ui/src/components/button.tsx → 200 (47ms, 10270B)
[2026-05-19T18:01:11.562Z] GET http://localhost:5173/@fs/C:/xampp/htdocs/server-php-auth/admin_console_shadcn/packages/ui/src/components/input.tsx → 200 (60ms, 5224B)
[2026-05-19T18:01:11.562Z] GET http://localhost:5173/@fs/C:/xampp/htdocs/server-php-auth/admin_console_shadcn/packages/ui/src/components/badge.tsx → 200 (61ms, 8027B)
[2026-05-19T18:01:11.562Z] GET http://localhost:5173/@fs/C:/xampp/htdocs/server-php-auth/admin_console_shadcn/packages/ui/src/components/avatar.tsx → 200 (64ms, 13702B)
[2026-05-19T18:01:11.562Z] GET http://localhost:5173/@fs/C:/xampp/htdocs/server-php-auth/admin_console_shadcn/packages/ui/src/components/separator.tsx → 200 (62ms, 4288B)
[2026-05-19T18:01:11.562Z] GET http://localhost:5173/@fs/C:/xampp/htdocs/server-php-auth/admin_console_shadcn/packages/ui/src/components/dropdown-menu.tsx → 200 (63ms, 37197B)
[2026-05-19T18:01:11.562Z] GET http://localhost:5173/@fs/C:/xampp/htdocs/server-php-auth/admin_console_shadcn/packages/ui/src/components/tooltip.tsx → 200 (70ms, 13343B)
[2026-05-19T18:01:11.562Z] GET http://localhost:5173/@fs/C:/xampp/htdocs/server-php-auth/admin_console_shadcn/packages/ui/src/components/card.tsx → 200 (71ms, 12936B)
[2026-05-19T18:01:11.562Z] GET http://localhost:5173/@fs/C:/xampp/htdocs/server-php-auth/admin_console_shadcn/packages/ui/src/components/table.tsx → 200 (72ms, 13599B)
[2026-05-19T18:01:11.562Z] GET http://localhost:5173/@fs/C:/xampp/htdocs/server-php-auth/admin_console_shadcn/packages/ui/src/components/sidebar.tsx → 200 (73ms, 85471B)
[2026-05-19T18:01:11.562Z] GET http://localhost:5173/@fs/C:/xampp/htdocs/server-php-auth/admin_console_shadcn/packages/ui/src/components/sheet.tsx → 200 (72ms, 21951B)
[2026-05-19T18:01:11.562Z] GET http://localhost:5173/@fs/C:/xampp/htdocs/server-php-auth/admin_console_shadcn/packages/ui/src/components/select.tsx → 200 (83ms, 29159B)
[2026-05-19T18:01:11.562Z] GET http://localhost:5173/@fs/C:/xampp/htdocs/server-php-auth/admin_console_shadcn/packages/ui/src/components/popover.tsx → 200 (84ms, 12910B)
[2026-05-19T18:01:11.563Z] GET http://localhost:5173/src/components/login-page.tsx → 200 (84ms, 149154B)
[2026-05-19T18:01:11.563Z] GET http://localhost:5173/src/components/user-dashboard.tsx → 200 (95ms, 213829B)
[2026-05-19T18:01:11.584Z] GET http://localhost:5173/src/lib/user-utils.ts → 200 (62ms, 4669B)
[2026-05-19T18:01:11.585Z] GET http://localhost:5173/src/components/licenses-page.tsx → 200 (132ms, 195911B)
[2026-05-19T18:01:11.608Z] GET http://localhost:5173/node_modules/.vite/deps/firebase_app.js?v=0f085019 → 200 (69ms, 1182B)
[2026-05-19T18:01:11.622Z] GET http://localhost:5173/node_modules/.vite/deps/@base-ui_react_button.js?v=0f085019 → 200 (55ms, 1391B)
[2026-05-19T18:01:11.622Z] GET http://localhost:5173/node_modules/.vite/deps/class-variance-authority.js?v=0f085019 → 200 (55ms, 2351B)
[2026-05-19T18:01:11.622Z] GET http://localhost:5173/@fs/C:/xampp/htdocs/server-php-auth/admin_console_shadcn/packages/ui/src/lib/utils.ts → 200 (56ms, 734B)
[2026-05-19T18:01:11.622Z] GET http://localhost:5173/node_modules/.vite/deps/@base-ui_react_input.js?v=0f085019 → 200 (98ms, 31618B)
[2026-05-19T18:01:11.623Z] GET http://localhost:5173/node_modules/.vite/deps/chunk-AIGCBSJC.js?v=0f085019 → 200 (97ms, 67359B)
[2026-05-19T18:01:11.624Z] GET http://localhost:5173/node_modules/.vite/deps/@base-ui_react_merge-props.js?v=0f085019 → 200 (94ms, 1482B)
[2026-05-19T18:01:11.624Z] GET http://localhost:5173/node_modules/.vite/deps/@base-ui_react_use-render.js?v=0f085019 → 200 (95ms, 534B)
[2026-05-19T18:01:11.625Z] GET http://localhost:5173/node_modules/.vite/deps/chunk-AGU7PXEC.js?v=0f085019 → 200 (96ms, 16238B)
[2026-05-19T18:01:11.625Z] GET http://localhost:5173/node_modules/.vite/deps/@base-ui_react_separator.js?v=0f085019 → 200 (104ms, 1928B)
[2026-05-19T18:01:11.625Z] GET http://localhost:5173/node_modules/.vite/deps/@base-ui_react_menu.js?v=0f085019 → 200 (112ms, 80208B)
[2026-05-19T18:01:11.627Z] GET http://localhost:5173/node_modules/.vite/deps/@base-ui_react_avatar.js?v=0f085019 → 200 (103ms, 6786B)
[2026-05-19T18:01:11.634Z] GET http://localhost:5173/node_modules/.vite/deps/@base-ui_react_tooltip.js?v=0f085019 → 200 (96ms, 27320B)
[2026-05-19T18:01:11.634Z] GET http://localhost:5173/node_modules/.vite/deps/@base-ui_react_dialog.js?v=0f085019 → 200 (104ms, 27745B)
[2026-05-19T18:01:11.635Z] GET http://localhost:5173/@fs/C:/xampp/htdocs/server-php-auth/admin_console_shadcn/packages/ui/src/hooks/use-mobile.ts → 200 (102ms, 2317B)
[2026-05-19T18:01:11.638Z] GET http://localhost:5173/@fs/C:/xampp/htdocs/server-php-auth/admin_console_shadcn/packages/ui/src/components/skeleton.tsx → 200 (183ms, 3412B)
[2026-05-19T18:01:11.646Z] GET http://localhost:5173/node_modules/.vite/deps/@base-ui_react_select.js?v=0f085019 → 200 (179ms, 83001B)
[2026-05-19T18:01:11.646Z] GET http://localhost:5173/node_modules/.vite/deps/@base-ui_react_popover.js?v=0f085019 → 200 (177ms, 34364B)
[2026-05-19T18:01:11.647Z] GET http://localhost:5173/src/components/Grainient.tsx → 200 (210ms, 34632B)
[2026-05-19T18:01:11.647Z] GET http://localhost:5173/src/components/LetterGlitch.tsx → 200 (211ms, 28944B)
[2026-05-19T18:01:11.647Z] GET http://localhost:5173/node_modules/.vite/deps/motion_react.js?v=0f085019 → 200 (212ms, 434548B)
[2026-05-19T18:01:11.647Z] GET http://localhost:5173/node_modules/.vite/deps/lottie-react.js?v=0f085019 → 200 (232ms, 679047B)
[2026-05-19T18:01:11.647Z] GET http://localhost:5173/src/assets/Success.json?import → 200 (211ms, 19207B)
[2026-05-19T18:01:11.647Z] GET http://localhost:5173/@fs/C:/xampp/htdocs/server-php-auth/admin_console_shadcn/packages/ui/src/components/input-otp.tsx → 200 (213ms, 13191B)
[2026-05-19T18:01:11.679Z] GET http://localhost:5173/node_modules/.vite/deps/chunk-7L6MDAW6.js?v=0f085019 → 200 (181ms, 8667B)
[2026-05-19T18:01:11.679Z] GET http://localhost:5173/node_modules/.vite/deps/chunk-QMOO66NM.js?v=0f085019 → 200 (180ms, 377B)
[2026-05-19T18:01:11.679Z] GET http://localhost:5173/node_modules/.vite/deps/chunk-622P27SC.js?v=0f085019 → 200 (182ms, 5903B)
[2026-05-19T18:01:11.679Z] GET http://localhost:5173/node_modules/.vite/deps/chunk-HQQQ3B2E.js?v=0f085019 → 200 (182ms, 1658B)
[2026-05-19T18:01:11.679Z] GET http://localhost:5173/node_modules/.vite/deps/chunk-2LFZWT7E.js?v=0f085019 → 200 (183ms, 10356B)
[2026-05-19T18:01:11.679Z] GET http://localhost:5173/node_modules/.vite/deps/chunk-XNR3DQRJ.js?v=0f085019 → 200 (183ms, 4500B)
[2026-05-19T18:01:11.679Z] GET http://localhost:5173/node_modules/.vite/deps/chunk-WFNHCR67.js?v=0f085019 → 200 (186ms, 632B)
[2026-05-19T18:01:11.685Z] GET http://localhost:5173/node_modules/.vite/deps/clsx.js?v=0f085019 → 200 (181ms, 1157B)
[2026-05-19T18:01:11.685Z] GET http://localhost:5173/node_modules/.vite/deps/tailwind-merge.js?v=0f085019 → 200 (198ms, 99375B)
[2026-05-19T18:01:11.756Z] GET http://localhost:5173/node_modules/.vite/deps/chunk-Y5UXNQ4J.js?v=0f085019 → 200 (124ms, 4749B)
[2026-05-19T18:01:11.756Z] GET http://localhost:5173/node_modules/.vite/deps/chunk-CCMTVVH2.js?v=0f085019 → 200 (111ms, 3013B)
[2026-05-19T18:01:11.756Z] GET http://localhost:5173/node_modules/.vite/deps/chunk-SHDSRUTK.js?v=0f085019 → 200 (124ms, 5360B)
[2026-05-19T18:01:11.756Z] GET http://localhost:5173/node_modules/.vite/deps/chunk-ADCPY5I6.js?v=0f085019 → 200 (125ms, 191B)
[2026-05-19T18:01:11.756Z] GET http://localhost:5173/node_modules/.vite/deps/chunk-XQS7UMAK.js?v=0f085019 → 200 (125ms, 2762B)
[2026-05-19T18:01:11.756Z] GET http://localhost:5173/node_modules/.vite/deps/chunk-4EPSIFFK.js?v=0f085019 → 200 (130ms, 30768B)
[2026-05-19T18:01:11.756Z] GET http://localhost:5173/node_modules/.vite/deps/chunk-6HEBNUZ4.js?v=0f085019 → 200 (127ms, 1040B)
[2026-05-19T18:01:11.756Z] GET http://localhost:5173/node_modules/.vite/deps/chunk-4MLYEX4Y.js?v=0f085019 → 200 (129ms, 4180B)
[2026-05-19T18:01:11.756Z] GET http://localhost:5173/node_modules/.vite/deps/chunk-ZU7OJJG7.js?v=0f085019 → 200 (128ms, 9098B)
[2026-05-19T18:01:11.756Z] GET http://localhost:5173/node_modules/.vite/deps/chunk-2VWPLDKZ.js?v=0f085019 → 200 (129ms, 12755B)
[2026-05-19T18:01:11.757Z] GET http://localhost:5173/node_modules/.vite/deps/chunk-JXAVCRIS.js?v=0f085019 → 200 (127ms, 959B)
[2026-05-19T18:01:11.757Z] GET http://localhost:5173/node_modules/.vite/deps/chunk-XEWHJWDZ.js?v=0f085019 → 200 (130ms, 16433B)
[2026-05-19T18:01:11.757Z] GET http://localhost:5173/node_modules/.vite/deps/chunk-W53F4U5K.js?v=0f085019 → 200 (129ms, 21558B)
[2026-05-19T18:01:11.757Z] GET http://localhost:5173/node_modules/.vite/deps/chunk-VEDTFPG5.js?v=0f085019 → 200 (133ms, 224738B)
[2026-05-19T18:01:11.757Z] GET http://localhost:5173/node_modules/.vite/deps/chunk-DDXQVSAV.js?v=0f085019 → 200 (130ms, 21418B)
[2026-05-19T18:01:11.757Z] GET http://localhost:5173/node_modules/.vite/deps/chunk-77PTSY66.js?v=0f085019 → 200 (130ms, 493B)
[2026-05-19T18:01:11.757Z] GET http://localhost:5173/node_modules/.vite/deps/chunk-OBQZQ4M3.js?v=0f085019 → 200 (131ms, 8853B)
[2026-05-19T18:01:11.757Z] GET http://localhost:5173/node_modules/.vite/deps/chunk-PUUG3UKZ.js?v=0f085019 → 200 (132ms, 2333B)
[2026-05-19T18:01:11.757Z] GET http://localhost:5173/node_modules/.vite/deps/chunk-Y52CB4JG.js?v=0f085019 → 200 (132ms, 2024B)
[2026-05-19T18:01:11.757Z] GET http://localhost:5173/node_modules/.vite/deps/chunk-3WDFIXWI.js?v=0f085019 → 200 (132ms, 11956B)
[2026-05-19T18:01:11.757Z] GET http://localhost:5173/node_modules/.vite/deps/chunk-RNUAHJJX.js?v=0f085019 → 200 (133ms, 849B)
[2026-05-19T18:01:11.858Z] GET http://localhost:5173/node_modules/.vite/deps/ogl.js?v=0f085019 → 200 (38ms, 246787B)
[2026-05-19T18:01:11.858Z] GET http://localhost:5173/src/components/Grainient.css → 200 (37ms, 637B)
[2026-05-19T18:01:11.861Z] GET http://localhost:5173/node_modules/.vite/deps/input-otp.js?v=0f085019 → 200 (35ms, 12545B)
[2026-05-19T18:01:12.216Z] GET http://localhost:5173/@fs/C:/xampp/htdocs/server-php-auth/admin_console_shadcn/node_modules/@fontsource-variable/noto-sans/files/noto-sans-latin-wght-normal.woff2 → pending (?ms, ?B)
[2026-05-19T18:01:12.292Z] GET http://localhost:5173/vite.svg → 200 (16ms, 630B)
[2026-05-19T18:01:44.383Z] POST http://localhost:5173/api/login → 200 (85ms, ?B)
[2026-05-19T18:01:44.519Z] GET http://localhost:5173/api/me/licenses → 200 (103ms, 499B)
[2026-05-19T18:01:44.519Z] GET http://localhost:5173/api/me/licenses → 200 (22ms, 499B)
[2026-05-19T18:01:44.621Z] GET http://localhost:5173/@fs/C:/xampp/htdocs/server-php-auth/admin_console_shadcn/node_modules/@fontsource-variable/figtree/files/figtree-latin-wght-normal.woff2 → 200 (39ms, 20156B)
[2026-05-19T18:03:31.720Z] GET http://localhost:5173/src/components/user-dashboard.tsx?t=1779213811672 → 200 (328ms, 214087B)
[2026-05-19T18:03:31.720Z] GET http://localhost:5173/@fs/C:/xampp/htdocs/server-php-auth/admin_console_shadcn/packages/ui/src/styles/globals.css?t=1779213811672 → 200 (300ms, 124663B)
[2026-05-19T18:03:32.105Z] GET http://localhost:5173/api/me/licenses → 200 (42ms, 499B)
[2026-05-19T18:03:46.553Z] GET http://localhost:5173/src/components/user-dashboard.tsx?t=1779213826551 → 200 (244ms, 214172B)
[2026-05-19T18:03:46.553Z] GET http://localhost:5173/@fs/C:/xampp/htdocs/server-php-auth/admin_console_shadcn/packages/ui/src/styles/globals.css?t=1779213826551 → 200 (213ms, 124663B)
[2026-05-19T18:03:46.853Z] GET http://localhost:5173/api/me/licenses → 200 (26ms, 499B)
[2026-05-19T18:04:01.379Z] GET http://localhost:5173/src/components/user-dashboard.tsx?t=1779213841375 → 200 (162ms, 214197B)
[2026-05-19T18:04:01.379Z] GET http://localhost:5173/@fs/C:/xampp/htdocs/server-php-auth/admin_console_shadcn/packages/ui/src/styles/globals.css?t=1779213841375 → 200 (137ms, 124663B)
[2026-05-19T18:04:01.607Z] GET http://localhost:5173/api/me/licenses → 200 (29ms, ?B)
